cargo : warning: unused import: `astra_core::kernel::AstraKernel`
At line:1 char:1
+ cargo test --workspace > ci_output.txt 2>&1
+ ~~~~~~~~~~~~~~~~~~~~~~~~~~~~~~~~~~~~~~~~~~~
    + CategoryInfo          : NotSpecified: (warning: unused...l::AstraKernel`:String) [], RemoteException
    + FullyQualifiedErrorId : NativeCommandError
 
 --> packages\astra-rl\src\sandbox.rs:3:5
  |
3 | use astra_core::kernel::AstraKernel;
  |     ^^^^^^^^^^^^^^^^^^^^^^^^^^^^^^^
  |
  = note: `#[warn(unused_imports)]` (part of `#[warn(unused)]`) on by default

warning: unused import: `astra_core::events::AstraEvent`
 --> packages\astra-clearing\src\margin.rs:1:5
  |
1 | use astra_core::events::AstraEvent;
  |     ^^^^^^^^^^^^^^^^^^^^^^^^^^^^^^
  |
  = note: `#[warn(unused_imports)]` (part of `#[warn(unused)]`) on by default

warning: `astra-rl` (lib) generated 1 warning (run `cargo fix --lib -p astra-rl` to apply 1 suggestion)
warning: `astra-clearing` (lib) generated 1 warning (run `cargo fix --lib -p astra-clearing` to apply 1 suggestion)
warning: unused variable: `state`
  --> packages\astra-agents\src\behavior.rs:80:9
   |
80 |         state: &AgentState,
   |         ^^^^^ help: if this is intentional, prefix it with an underscore: `_state`
   |
   = note: `#[warn(unused_variables)]` (part of `#[warn(unused)]`) on by default

warning: `astra-agents` (lib) generated 1 warning (run `cargo fix --lib -p astra-agents` to apply 1 suggestion)
warning: unused import: `astra_core::events::AstraEvent`
  --> packages\astra-policy\src\engine.rs:10:5
   |
10 | use astra_core::events::AstraEvent;
   |     ^^^^^^^^^^^^^^^^^^^^^^^^^^^^^^
   |
   = note: `#[warn(unused_imports)]` (part of `#[warn(unused)]`) on by default

warning: unused import: `PolicyAction`
 --> packages\astra-policy\src\intervention.rs:1:21
  |
1 | use crate::policy::{PolicyAction, PolicyExecutionWindow};
  |                     ^^^^^^^^^^^^

warning: unused variable: `current_sequence`
  --> packages\astra-policy\src\engine.rs:44:9
   |
44 |         current_sequence: u64,
   |         ^^^^^^^^^^^^^^^^ help: if this is intentional, prefix it with an underscore: `_current_sequence`
   |
   = note: `#[warn(unused_variables)]` (part of `#[warn(unused)]`) on by default

warning: `astra-policy` (lib) generated 3 warnings (run `cargo fix --lib -p astra-policy` to apply 3 suggestions)
warning: unused imports: `OperationalAction` and `OperationalCommand`
  --> packages\astra-exchange\src\runtime.rs:14:26
   |
14 | use astra_ops::control::{OperationalAction, OperationalCommand};
   |                          ^^^^^^^^^^^^^^^^^  ^^^^^^^^^^^^^^^^^^
   |
   = note: `#[warn(unused_imports)]` (part of `#[warn(unused)]`) on by default

warning: unused import: `std::collections::BTreeMap`
  --> packages\astra-exchange\src\runtime.rs:22:5
   |
22 | use std::collections::BTreeMap;
   |     ^^^^^^^^^^^^^^^^^^^^^^^^^^

warning: variable does not need to be mutable
   --> packages\astra-exchange\src\runtime.rs:549:13
    |
549 |         let mut settlement_bytes = bincode::options()
    |             ----^^^^^^^^^^^^^^^^
    |             |
    |             help: remove this `mut`
    |
    = note: `#[warn(unused_mut)]` (part of `#[warn(unused)]`) on by default

warning: variable does not need to be mutable
   --> packages\astra-exchange\src\runtime.rs:554:13
    |
554 |         let mut margin_bytes = bincode::options()
    |             ----^^^^^^^^^^^^
    |             |
    |             help: remove this `mut`

warning: variable does not need to be mutable
   --> packages\astra-exchange\src\runtime.rs:559:13
    |
559 |         let mut funding_bytes = bincode::options()
    |             ----^^^^^^^^^^^^^
    |             |
    |             help: remove this `mut`

warning: `astra-exchange` (lib) generated 5 warnings (run `cargo fix --lib -p astra-exchange` to apply 5 suggestions)
warning: unused import: `ScenarioRuntime`
 --> packages\astra-scenarios\src\library\recovery_drill.rs:1:43
  |
1 | use crate::scenario::{ScenarioDefinition, ScenarioRuntime};
  |                                           ^^^^^^^^^^^^^^^
  |
  = note: `#[warn(unused_imports)]` (part of `#[warn(unused)]`) on by default

warning: unused variable: `end`
  --> packages\astra-scenarios\src\library\cross_venue_arbitrage_breakdown.rs:35:21
   |
35 |         for (start, end) in &self.activation_windows {
   |                     ^^^ help: if this is intentional, prefix it with an underscore: `_end`
   |
   = note: `#[warn(unused_variables)]` (part of `#[warn(unused)]`) on by default

warning: unused variable: `end`
  --> packages\astra-scenarios\src\library\funding_collapse_chain.rs:35:21
   |
35 |         for (start, end) in &self.activation_windows {
   |                     ^^^ help: if this is intentional, prefix it with an underscore: `_end`

warning: unused variable: `end`
  --> packages\astra-scenarios\src\library\market_maker_withdrawal.rs:35:21
   |
35 |         for (start, end) in &self.activation_windows {
   |                     ^^^ help: if this is intentional, prefix it with an underscore: `_end`

warning: unused variable: `end`
  --> packages\astra-scenarios\src\library\panic_liquidation_spiral.rs:35:21
   |
35 |         for (start, end) in &self.activation_windows {
   |                     ^^^ help: if this is intentional, prefix it with an underscore: `_end`

warning: unused variable: `end`
  --> packages\astra-scenarios\src\library\systemic_margin_defense.rs:35:21
   |
35 |         for (start, end) in &self.activation_windows {
   |                     ^^^ help: if this is intentional, prefix it with an underscore: `_end`

warning: unused imports: `export_ascii_lob`, `export_csv`, `export_json`, and `export_mermaid_sequence`
 --> packages\astra-inspect\src\main.rs:4:5
  |
4 |     export_ascii_lob, export_csv, export_json, export_mermaid_sequence,
  |     ^^^^^^^^^^^^^^^^  ^^^^^^^^^^  ^^^^^^^^^^^  ^^^^^^^^^^^^^^^^^^^^^^^
  |
  = note: `#[warn(unused_imports)]` (part of `#[warn(unused)]`) on by default

warning: unused import: `AstraEvent`
 --> packages\astra-inspect\tests\benchmark_fixtures.rs:1:26
  |
1 | use astra_core::events::{AstraEvent, EventType, PayloadEncoding, PayloadMetadata};
  |                          ^^^^^^^^^^
  |
  = note: `#[warn(unused_imports)]` (part of `#[warn(unused)]`) on by default

warning: `astra-scenarios` (lib) generated 6 warnings (run `cargo fix --lib -p astra-scenarios` to apply 6 suggestions)
warning: `astra-inspect` (bin "astra-inspect") generated 1 warning (run `cargo fix --bin "astra-inspect" -p astra-inspe
ct` to apply 1 suggestion)
warning: `astra-inspect` (bin "astra-inspect" test) generated 1 warning (1 duplicate)
warning: `astra-inspect` (test "benchmark_fixtures") generated 1 warning (run `cargo fix --test "benchmark_fixtures" -p
 astra-inspect` to apply 1 suggestion)
warning: `astra-scenarios` (lib test) generated 6 warnings (6 duplicates)
warning: unused import: `std::fs`
  --> packages\astra-research\src\calibration.rs:14:5
   |
14 | use std::fs;
   |     ^^^^^^^
   |
   = note: `#[warn(unused_imports)]` (part of `#[warn(unused)]`) on by default

warning: unused imports: `EventType`, `PayloadEncoding`, and `PayloadMetadata`
  --> packages\astra-research\src\dataset_format.rs:14:38
   |
14 | use astra_core::events::{AstraEvent, EventType, PayloadEncoding, PayloadMetadata};
   |                                      ^^^^^^^^^  ^^^^^^^^^^^^^^^  ^^^^^^^^^^^^^^^

warning: unused import: `std::path::Path`
  --> packages\astra-research\src\phantom_runner.rs:17:5
   |
17 | use std::path::Path;
   |     ^^^^^^^^^^^^^^^

warning: unused import: `DatasetReader`
  --> packages\astra-research\src\phantom_runner.rs:19:44
   |
19 | use crate::dataset_format::{CrisisDataset, DatasetReader};
   |                                            ^^^^^^^^^^^^^

warning: unused variable: `phase_len`
  --> packages\astra-research\src\flash_crash_dataset.rs:89:9
   |
89 |     let phase_len = phase_end - phase_start;
   |         ^^^^^^^^^ help: if this is intentional, prefix it with an underscore: `_phase_len`
   |
   = note: `#[warn(unused_variables)]` (part of `#[warn(unused)]`) on by default

warning: function `price_pts` is never used
  --> packages\astra-research\src\flash_crash_dataset.rs:20:10
   |
20 | const fn price_pts(dollars_x100: i64) -> i64 {
   |          ^^^^^^^^^
   |
   = note: `#[warn(dead_code)]` (part of `#[warn(unused)]`) on by default

warning: unused import: `crate::exchange::ExchangeRuntime`
  --> packages\astra-core\src\gateway.rs:64:9
   |
64 |     use crate::exchange::ExchangeRuntime;
   |         ^^^^^^^^^^^^^^^^^^^^^^^^^^^^^^^^
   |
   = note: `#[warn(unused_imports)]` (part of `#[warn(unused)]`) on by default

warning: unused import: `crate::kernel::AstraKernel`
  --> packages\astra-core\src\gateway.rs:66:9
   |
66 |     use crate::kernel::AstraKernel;
   |         ^^^^^^^^^^^^^^^^^^^^^^^^^^

warning: unused import: `crate::runtime::StrategyRuntime`
  --> packages\astra-core\src\gateway.rs:68:9
   |
68 |     use crate::runtime::StrategyRuntime;
   |         ^^^^^^^^^^^^^^^^^^^^^^^^^^^^^^^

warning: unused variable: `limits`
  --> packages\astra-core\src\gateway.rs:72:13
   |
72 |         let limits = create_default_risk_engine(Money::new(1_000_000), Quantity::new(1_000));
   |             ^^^^^^ help: if this is intentional, prefix it with an underscore: `_limits`
   |
   = note: `#[warn(unused_variables)]` (part of `#[warn(unused)]`) on by default

warning: unused import: `astra_scenarios::scenario::ScenarioDefinition`
 --> packages\astra-scenarios\tests\recovery_drill_test.rs:6:5
  |
6 | use astra_scenarios::scenario::ScenarioDefinition;
  |     ^^^^^^^^^^^^^^^^^^^^^^^^^^^^^^^^^^^^^^^^^^^^^
  |
  = note: `#[warn(unused_imports)]` (part of `#[warn(unused)]`) on by default

warning: `astra-research` (lib) generated 6 warnings (run `cargo fix --lib -p astra-research` to apply 5 suggestions)
warning: `astra-research` (lib test) generated 6 warnings (6 duplicates)
warning: `astra-core` (lib test) generated 4 warnings (run `cargo fix --lib -p astra-core --tests` to apply 4 suggestio
ns)
warning: `astra-scenarios` (test "recovery_drill_test") generated 1 warning (run `cargo fix --test "recovery_drill_test
" -p astra-scenarios` to apply 1 suggestion)
warning: unused import: `astra_core::hashing::hash_bytes`
 --> packages\astra-benchmarks\src\certification.rs:1:5
  |
1 | use astra_core::hashing::hash_bytes;
  |     ^^^^^^^^^^^^^^^^^^^^^^^^^^^^^^^
  |
  = note: `#[warn(unused_imports)]` (part of `#[warn(unused)]`) on by default

warning: unused variable: `trace1`
  --> packages\astra-research\src\main.rs:79:14
   |
79 |         let (trace1, merkle) = r1.run(&dataset, CHECKPOINT_INTERVAL);
   |              ^^^^^^ help: if this is intentional, prefix it with an underscore: `_trace1`
   |
   = note: `#[warn(unused_variables)]` (part of `#[warn(unused)]`) on by default

warning: unused import: `astra_research::dataset_format::DatasetReader`
 --> packages\astra-research\tests\integration_tests.rs:2:5
  |
2 | use astra_research::dataset_format::DatasetReader;
  |     ^^^^^^^^^^^^^^^^^^^^^^^^^^^^^^^^^^^^^^^^^^^^^
  |
  = note: `#[warn(unused_imports)]` (part of `#[warn(unused)]`) on by default

warning: unused import: `ReplayDiff`
 --> packages\astra-research\tests\comparison_test.rs:1:56
  |
1 | use astra_research::comparison::{ExperimentComparison, ReplayDiff};
  |                                                        ^^^^^^^^^^
  |
  = note: `#[warn(unused_imports)]` (part of `#[warn(unused)]`) on by default

warning: `astra-benchmarks` (lib) generated 1 warning (run `cargo fix --lib -p astra-benchmarks` to apply 1 suggestion)
warning: `astra-research` (bin "astra-research" test) generated 1 warning (run `cargo fix --bin "astra-research" -p ast
ra-research --tests` to apply 1 suggestion)
warning: `astra-research` (test "integration_tests") generated 1 warning (run `cargo fix --test "integration_tests" -p 
astra-research` to apply 1 suggestion)
warning: `astra-research` (bin "astra-research") generated 1 warning (1 duplicate)
warning: `astra-benchmarks` (lib test) generated 1 warning (1 duplicate)
warning: `astra-research` (test "comparison_test") generated 1 warning (run `cargo fix --test "comparison_test" -p astr
a-research` to apply 1 suggestion)
warning: unused import: `ScenarioDefinition`
 --> packages\astra-scenarios\tests\replay_identity.rs:6:33
  |
6 | use astra_scenarios::scenario::{ScenarioDefinition, ScenarioSeverity};
  |                                 ^^^^^^^^^^^^^^^^^^
  |
  = note: `#[warn(unused_imports)]` (part of `#[warn(unused)]`) on by default

warning: `astra-scenarios` (test "replay_identity") generated 1 warning (run `cargo fix --test "replay_identity" -p ast
ra-scenarios` to apply 1 suggestion)
warning: unused import: `AstraEvent`
 --> packages\astra-exchange\tests\integration_tests.rs:1:26
  |
1 | use astra_core::events::{AstraEvent, EventType, PayloadEncoding, PayloadMetadata};
  |                          ^^^^^^^^^^
  |
  = note: `#[warn(unused_imports)]` (part of `#[warn(unused)]`) on by default

warning: unused import: `astra_exchange::state::ExchangeStateHash`
 --> packages\astra-exchange\tests\integration_tests.rs:8:5
  |
8 | use astra_exchange::state::ExchangeStateHash;
  |     ^^^^^^^^^^^^^^^^^^^^^^^^^^^^^^^^^^^^^^^^

warning: `astra-exchange` (test "integration_tests") generated 2 warnings (run `cargo fix --test "integration_tests" -p
 astra-exchange` to apply 2 suggestions)
warning: `astra-exchange` (lib test) generated 5 warnings (5 duplicates)
warning: unused import: `PolicyAction`
 --> packages\astra-policy\tests\policy_test.rs:3:28
  |
3 | use astra_policy::policy::{PolicyAction, PolicyExecutionWindow};
  |                            ^^^^^^^^^^^^
  |
  = note: `#[warn(unused_imports)]` (part of `#[warn(unused)]`) on by default

warning: unused variable: `metrics`
  --> packages\astra-policy\tests\policy_test.rs:22:9
   |
22 |     let metrics = SystemicPropagationMetrics::new();
   |         ^^^^^^^ help: if this is intentional, prefix it with an underscore: `_metrics`
   |
   = note: `#[warn(unused_variables)]` (part of `#[warn(unused)]`) on by default

warning: `astra-policy` (test "policy_test") generated 2 warnings (run `cargo fix --test "policy_test" -p astra-policy`
 to apply 2 suggestions)
warning: `astra-policy` (lib test) generated 3 warnings (3 duplicates)
warning: unused import: `astra_clearing::funding::FundingLedger`
 --> packages\astra-clearing\tests\integration_tests.rs:1:5
  |
1 | use astra_clearing::funding::FundingLedger;
  |     ^^^^^^^^^^^^^^^^^^^^^^^^^^^^^^^^^^^^^^
  |
  = note: `#[warn(unused_imports)]` (part of `#[warn(unused)]`) on by default

warning: `astra-clearing` (test "integration_tests") generated 1 warning (run `cargo fix --test "integration_tests" -p 
astra-clearing` to apply 1 suggestion)
warning: `astra-agents` (lib test) generated 1 warning (1 duplicate)
warning: `astra-rl` (lib test) generated 1 warning (1 duplicate)
warning: `astra-clearing` (lib test) generated 1 warning (1 duplicate)
    Finished `test` profile [unoptimized + debuginfo] target(s) in 0.63s
     Running unittests src\lib.rs (target\debug\deps\astra_agents-bfbd111f91bb636c.exe)

running 0 tests

test result: ok. 0 passed; 0 failed; 0 ignored; 0 measured; 0 filtered out; finished in 0.00s

     Running tests\agent_replay.rs (target\debug\deps\agent_replay-c06eed600c6c196e.exe)

running 1 test
test test_agent_serialization_deterministic ... ok

test result: ok. 1 passed; 0 failed; 0 ignored; 0 measured; 0 filtered out; finished in 0.00s

     Running tests\behavioral_integrity.rs (target\debug\deps\behavioral_integrity-5854028320931d07.exe)

running 1 test
test dummy_test ... ok

test result: ok. 1 passed; 0 failed; 0 ignored; 0 measured; 0 filtered out; finished in 0.00s

     Running tests\cascade_parity.rs (target\debug\deps\cascade_parity-79b395367ff2e2b0.exe)

running 1 test
test dummy_test ... ok

test result: ok. 1 passed; 0 failed; 0 ignored; 0 measured; 0 filtered out; finished in 0.00s

     Running tests\ecology_determinism.rs (target\debug\deps\ecology_determinism-e95a29486bfa9282.exe)

running 1 test
test test_ecology_evaluation_ordering ... ok

test result: ok. 1 passed; 0 failed; 0 ignored; 0 measured; 0 filtered out; finished in 0.00s

     Running tests\liquidity_retreat.rs (target\debug\deps\liquidity_retreat-4ef3055c5be021e7.exe)

running 1 test
test dummy_test ... ok

test result: ok. 1 passed; 0 failed; 0 ignored; 0 measured; 0 filtered out; finished in 0.00s

     Running unittests src\lib.rs (target\debug\deps\astra_audit-8d0d3c882a2089ad.exe)

running 0 tests

test result: ok. 0 passed; 0 failed; 0 ignored; 0 measured; 0 filtered out; finished in 0.00s

     Running tests\certification_consistency.rs (target\debug\deps\certification_consistency-59adbacb0e3601aa.exe)

running 1 test
test test_certification_chain_deterministic ... ok

test result: ok. 1 passed; 0 failed; 0 ignored; 0 measured; 0 filtered out; finished in 0.00s

     Running tests\invariant_validation.rs (target\debug\deps\invariant_validation-c6f140b764d3ab06.exe)

running 2 tests
test test_sequence_monotonicity_violation ... ok
test test_sequence_monotonicity_pass ... ok

test result: ok. 2 passed; 0 failed; 0 ignored; 0 measured; 0 filtered out; finished in 0.00s

     Running tests\lineage_integrity.rs (target\debug\deps\lineage_integrity-1d502144b15cdafe.exe)

running 2 tests
test test_lineage_continuity_valid ... ok
test test_lineage_continuity_broken ... ok

test result: ok. 2 passed; 0 failed; 0 ignored; 0 measured; 0 filtered out; finished in 0.00s

     Running tests\replay_parity.rs (target\debug\deps\replay_parity-4a5e909995310bf8.exe)

running 2 tests
test test_replay_parity_identical ... ok
test test_replay_parity_divergent ... ok

test result: ok. 2 passed; 0 failed; 0 ignored; 0 measured; 0 filtered out; finished in 0.00s

     Running tests\system_integrity.rs (target\debug\deps\system_integrity-27001c6c2887db35.exe)

running 1 test
test test_system_integrity_scoring ... ok

test result: ok. 1 passed; 0 failed; 0 ignored; 0 measured; 0 filtered out; finished in 0.00s

     Running unittests src\lib.rs (target\debug\deps\astra_benchmarks-67e5eba635df12b0.exe)

running 0 tests

test result: ok. 0 passed; 0 failed; 0 ignored; 0 measured; 0 filtered out; finished in 0.00s

     Running tests\benchmark_parity.rs (target\debug\deps\benchmark_parity-6e4fc681dc53fca9.exe)

running 1 test
test test_hash_parity_determinism ... ok

test result: ok. 1 passed; 0 failed; 0 ignored; 0 measured; 0 filtered out; finished in 0.00s

     Running tests\policy_timing.rs (target\debug\deps\policy_timing-29856f3f780294a9.exe)

running 1 test
test test_policy_timing_divergence ... ok

test result: ok. 1 passed; 0 failed; 0 ignored; 0 measured; 0 filtered out; finished in 0.00s

     Running tests\replay_certification.rs (target\debug\deps\replay_certification-7bf40dba781e96c1.exe)

running 1 test
test test_replay_certification_manifest_generation ... ok

test result: ok. 1 passed; 0 failed; 0 ignored; 0 measured; 0 filtered out; finished in 0.00s

     Running tests\systemic_recovery.rs (target\debug\deps\systemic_recovery-61a5254da68eb58a.exe)

running 1 test
test test_systemic_recovery_scoring ... ok

test result: ok. 1 passed; 0 failed; 0 ignored; 0 measured; 0 filtered out; finished in 0.00s

     Running unittests src\lib.rs (target\debug\deps\astra_clearing-4243b16dd67cb007.exe)

running 0 tests

test result: ok. 0 passed; 0 failed; 0 ignored; 0 measured; 0 filtered out; finished in 0.00s

     Running tests\integration_tests.rs (target\debug\deps\integration_tests-4102ed11c01ce55a.exe)

running 2 tests
test test_settlement_replay_parity ... ok
test test_margin_liquidation ... ok

test result: ok. 2 passed; 0 failed; 0 ignored; 0 measured; 0 filtered out; finished in 0.00s

     Running unittests src\lib.rs (target\debug\deps\astra_core-bdc8dbe931e61da7.exe)

running 4 tests
test adapters::binance::tests::parse_decimal_without_float ... ok
test symbolic::tests::test_symbolic_divergence_detection ... ok
test snapshot::tests::test_snapshot_capture_and_restore ... ok
test gateway::tests::test_consecutive_events_have_increasing_timestamps ... ok

test result: ok. 4 passed; 0 failed; 0 ignored; 0 measured; 0 filtered out; finished in 0.01s

     Running tests\cluster_tests.rs (target\debug\deps\cluster_tests-b371c524357480c6.exe)

running 1 test
test test_cluster_consensus_replication ... ok

test result: ok. 1 passed; 0 failed; 0 ignored; 0 measured; 0 filtered out; finished in 0.00s

     Running tests\exchange_tests.rs (target\debug\deps\exchange_tests-6d116d2cb8e99cac.exe)

running 3 tests
test test_exchange_risk_rejects_oversized_order ... ok
test test_exchange_limit_order_and_replay_equivalence ... ok
test test_kernel_chain_matching_portfolio_ledger_replay ... ok

test result: ok. 3 passed; 0 failed; 0 ignored; 0 measured; 0 filtered out; finished in 0.00s

     Running tests\gateway_tests.rs (target\debug\deps\gateway_tests-b756c24f803d55b3.exe)

running 1 test
test test_gateway_journals_and_replays_kernel_state ... ok

test result: ok. 1 passed; 0 failed; 0 ignored; 0 measured; 0 filtered out; finished in 0.00s

     Running tests\integration_tests.rs (target\debug\deps\integration_tests-76cb7e19de31103c.exe)

running 16 tests
test test_different_payloads_different_hashes ... ok
test test_market_tick_roundtrip ... ok
test test_binary_stability_cryptographic ... ok
test test_nanosecond_precision ... ok
test test_multiple_events_deterministic ... ok
test test_order_filled_roundtrip ... ok
test test_snapshot_metadata_integrity ... ok
test test_payload_metadata_all_encodings_roundtrip ... ok
test test_sequence_ordering ... ok
test test_order_submitted_roundtrip ... ok
test test_state_hash_determinism ... ok
test test_risk_limit_breached_roundtrip ... ok
test test_state_hash_survives_roundtrip ... ok
test test_state_snapshot_roundtrip ... ok
test test_verify_hash_equality_utility ... ok
test test_three_run_parity ... ok

test result: ok. 16 passed; 0 failed; 0 ignored; 0 measured; 0 filtered out; finished in 0.00s

     Running tests\integration_tests_phase12.rs (target\debug\deps\integration_tests_phase12-fc0016f609a99cfd.exe)

running 1 test
test test_deterministic_replay_after_forced_crash ... ok

test result: ok. 1 passed; 0 failed; 0 ignored; 0 measured; 0 filtered out; finished in 0.00s

     Running tests\journal_tests.rs (target\debug\deps\journal_tests-d6df1ca821cf823d.exe)

running 14 tests
test test_journal_sequence_enforcement ... ok
test test_all_event_types_through_journal_replay ... ok
test test_journal_roundtrip_read_after_commit ... ok
test test_replay_and_verify_failure ... ok
test test_replay_and_verify_from_failure ... ok
test test_replay_and_verify_success ... ok
test test_journal_iter_from_midpoint ... ok
test test_journal_create_commit_reopen ... ok
test test_replay_deterministic_two_passes ... ok
test test_replay_from_checkpoint_matches_full_replay ... ok
test test_mid_write_crash_recovery ... ok
test test_crash_recovery_deterministic ... ok
test test_snapshot_capture_restore_verify ... ok
test test_replay_full_produces_correct_state ... ok

test result: ok. 14 passed; 0 failed; 0 ignored; 0 measured; 0 filtered out; finished in 0.01s

     Running tests\kernel_tests.rs (target\debug\deps\kernel_tests-49cbd8be7d78a828.exe)

running 1 test
test test_kernel_recovery_deterministic ... ok

test result: ok. 1 passed; 0 failed; 0 ignored; 0 measured; 0 filtered out; finished in 0.00s

     Running tests\proof_tests.rs (target\debug\deps\proof_tests-822b17564d8348a5.exe)

running 1 test
test test_formal_verification_system ... ok

test result: ok. 1 passed; 0 failed; 0 ignored; 0 measured; 0 filtered out; finished in 0.00s

     Running tests\proptest_tests.rs (target\debug\deps\proptest_tests-c23d49635eb835ea.exe)

running 1 test
test test_event_serialization_fuzz ... ok

test result: ok. 1 passed; 0 failed; 0 ignored; 0 measured; 0 filtered out; finished in 0.01s

     Running tests\runtime_tests.rs (target\debug\deps\runtime_tests-3834745d8072753a.exe)

running 1 test
test test_strategy_runtime_state_mutates_and_replays ... ok

test result: ok. 1 passed; 0 failed; 0 ignored; 0 measured; 0 filtered out; finished in 0.00s

     Running tests\simulation_tests.rs (target\debug\deps\simulation_tests-f1cbde4f8a338dc1.exe)

running 1 test
test test_simulation_deterministic_replay_equivalence ... ok

test result: ok. 1 passed; 0 failed; 0 ignored; 0 measured; 0 filtered out; finished in 0.00s

     Running tests\vm_tests.rs (target\debug\deps\vm_tests-a458351dda8a8f3f.exe)

running 1 test
test test_vm_recovery_deterministic ... ok

test result: ok. 1 passed; 0 failed; 0 ignored; 0 measured; 0 filtered out; finished in 0.00s

     Running unittests src\lib.rs (target\debug\deps\astra_distributed-e55c68e94de81158.exe)

running 0 tests

test result: ok. 0 passed; 0 failed; 0 ignored; 0 measured; 0 filtered out; finished in 0.00s

     Running tests\distributed_benchmark.rs (target\debug\deps\distributed_benchmark-0973aea688ad26b1.exe)

running 1 test
test test_dummy ... ok

test result: ok. 1 passed; 0 failed; 0 ignored; 0 measured; 0 filtered out; finished in 0.00s

     Running tests\distributed_replay_identity.rs (target\debug\deps\distributed_replay_identity-0aadbcc6decdd0b6.exe)

running 1 test
test test_dummy ... ok

test result: ok. 1 passed; 0 failed; 0 ignored; 0 measured; 0 filtered out; finished in 0.00s

     Running tests\lineage_merge.rs (target\debug\deps\lineage_merge-66265de1f1fe20da.exe)

running 1 test
test test_dummy ... ok

test result: ok. 1 passed; 0 failed; 0 ignored; 0 measured; 0 filtered out; finished in 0.00s

     Running tests\replay_fabric_consistency.rs (target\debug\deps\replay_fabric_consistency-192d4b3936629732.exe)

running 1 test
test test_dummy ... ok

test result: ok. 1 passed; 0 failed; 0 ignored; 0 measured; 0 filtered out; finished in 0.00s

     Running tests\replay_partition_parity.rs (target\debug\deps\replay_partition_parity-de78d0117ac43a1d.exe)

running 1 test
test test_dummy ... ok

test result: ok. 1 passed; 0 failed; 0 ignored; 0 measured; 0 filtered out; finished in 0.00s

     Running tests\shard_certification.rs (target\debug\deps\shard_certification-e56a5c231b771e23.exe)

running 1 test
test test_dummy ... ok

test result: ok. 1 passed; 0 failed; 0 ignored; 0 measured; 0 filtered out; finished in 0.00s

     Running unittests src\lib.rs (target\debug\deps\astra_exchange-21cc9fe428b3e3fb.exe)

running 0 tests

test result: ok. 0 passed; 0 failed; 0 ignored; 0 measured; 0 filtered out; finished in 0.00s

     Running unittests src\main.rs (target\debug\deps\astra_exchange-5197ebca33a9ee99.exe)

running 0 tests

test result: ok. 0 passed; 0 failed; 0 ignored; 0 measured; 0 filtered out; finished in 0.00s

     Running tests\execution_lineage.rs (target\debug\deps\execution_lineage-41b3b78fcb49dbfa.exe)

running 1 test
test test_dummy ... ok

test result: ok. 1 passed; 0 failed; 0 ignored; 0 measured; 0 filtered out; finished in 0.00s

     Running tests\integration_tests.rs (target\debug\deps\integration_tests-be729c3e765df04d.exe)

running 3 tests
test test_rejected_order_isolation ... ok
test test_offline_arrival_rejection ... ok
test test_deterministic_replay_identity ... ok

test result: ok. 3 passed; 0 failed; 0 ignored; 0 measured; 0 filtered out; finished in 0.05s

     Running tests\latency_replay.rs (target\debug\deps\latency_replay-955c4383392a0d05.exe)

running 1 test
test test_dummy ... ok

test result: ok. 1 passed; 0 failed; 0 ignored; 0 measured; 0 filtered out; finished in 0.00s

     Running tests\market_impact_parity.rs (target\debug\deps\market_impact_parity-ae0f89c6ac58fc09.exe)

running 1 test
test test_dummy ... ok

test result: ok. 1 passed; 0 failed; 0 ignored; 0 measured; 0 filtered out; finished in 0.00s

     Running tests\matching_parity.rs (target\debug\deps\matching_parity-aa4e5f3a8915b4b2.exe)

running 1 test
test test_dummy ... ok

test result: ok. 1 passed; 0 failed; 0 ignored; 0 measured; 0 filtered out; finished in 0.00s

     Running tests\partial_fill_determinism.rs (target\debug\deps\partial_fill_determinism-18dd4014dfc9ade4.exe)

running 1 test
test test_dummy ... ok

test result: ok. 1 passed; 0 failed; 0 ignored; 0 measured; 0 filtered out; finished in 0.00s

     Running tests\queue_ordering.rs (target\debug\deps\queue_ordering-2ab521c21877092d.exe)

running 1 test
test test_dummy ... ok

test result: ok. 1 passed; 0 failed; 0 ignored; 0 measured; 0 filtered out; finished in 0.00s

     Running tests\slippage_consistency.rs (target\debug\deps\slippage_consistency-2e58100f19002b3e.exe)

running 1 test
test test_dummy ... ok

test result: ok. 1 passed; 0 failed; 0 ignored; 0 measured; 0 filtered out; finished in 0.00s

     Running tests\snapshot_reconstruction.rs (target\debug\deps\snapshot_reconstruction-f5f075a4e9d1c8fb.exe)

running 1 test
test test_dummy ... ok

test result: ok. 1 passed; 0 failed; 0 ignored; 0 measured; 0 filtered out; finished in 0.00s

     Running unittests src\lib.rs (target\debug\deps\astra_federation-9394b1506c8bd54d.exe)

running 0 tests

test result: ok. 0 passed; 0 failed; 0 ignored; 0 measured; 0 filtered out; finished in 0.00s

     Running tests\federated_equivalence.rs (target\debug\deps\federated_equivalence-bf372e98a25a5e55.exe)

running 1 test
test test_federated_equivalence ... ok

test result: ok. 1 passed; 0 failed; 0 ignored; 0 measured; 0 filtered out; finished in 0.00s

     Running tests\federation_consensus.rs (target\debug\deps\federation_consensus-e2516715343277f9.exe)

running 1 test
test test_federation_consensus ... ok

test result: ok. 1 passed; 0 failed; 0 ignored; 0 measured; 0 filtered out; finished in 0.00s

     Running tests\federation_topology.rs (target\debug\deps\federation_topology-6db98b15cfba0a07.exe)

running 1 test
test test_federation_topology ... ok

test result: ok. 1 passed; 0 failed; 0 ignored; 0 measured; 0 filtered out; finished in 0.00s

     Running tests\lineage_bridge.rs (target\debug\deps\lineage_bridge-7b7aac6cec6ad7f0.exe)

running 1 test
test test_lineage_bridge ... ok

test result: ok. 1 passed; 0 failed; 0 ignored; 0 measured; 0 filtered out; finished in 0.00s

     Running tests\replay_notary.rs (target\debug\deps\replay_notary-6e377f500a459026.exe)

running 1 test
test test_replay_notary ... ok

test result: ok. 1 passed; 0 failed; 0 ignored; 0 measured; 0 filtered out; finished in 0.00s

     Running tests\replay_treaty.rs (target\debug\deps\replay_treaty-dc277dcbcd90378c.exe)

running 1 test
test test_replay_treaty ... ok

test result: ok. 1 passed; 0 failed; 0 ignored; 0 measured; 0 filtered out; finished in 0.00s

     Running tests\sovereign_partition.rs (target\debug\deps\sovereign_partition-b5bc8ae9ce9b93c8.exe)

running 1 test
test test_sovereign_partition ... ok

test result: ok. 1 passed; 0 failed; 0 ignored; 0 measured; 0 filtered out; finished in 0.00s

     Running unittests src\lib.rs (target\debug\deps\astra_formal-dd3884ecf2e0493e.exe)

running 0 tests

test result: ok. 0 passed; 0 failed; 0 ignored; 0 measured; 0 filtered out; finished in 0.00s

     Running tests\aggregation_parity.rs (target\debug\deps\aggregation_parity-44a10f1a9af56936.exe)

running 1 test
test test_dummy ... ok

test result: ok. 1 passed; 0 failed; 0 ignored; 0 measured; 0 filtered out; finished in 0.00s

     Running tests\certification_chain.rs (target\debug\deps\certification_chain-cd11ea7f7b8b99c6.exe)

running 1 test
test test_dummy ... ok

test result: ok. 1 passed; 0 failed; 0 ignored; 0 measured; 0 filtered out; finished in 0.00s

     Running tests\distributed_shard_equivalence.rs (target\debug\deps\distributed_shard_equivalence-8cb61b655adb89b1.e
xe)

running 1 test
test test_dummy ... ok

test result: ok. 1 passed; 0 failed; 0 ignored; 0 measured; 0 filtered out; finished in 0.00s

     Running tests\invariant_monotonicity.rs (target\debug\deps\invariant_monotonicity-b563d2ef6a22000d.exe)

running 1 test
test test_dummy ... ok

test result: ok. 1 passed; 0 failed; 0 ignored; 0 measured; 0 filtered out; finished in 0.00s

     Running tests\lineage_continuity.rs (target\debug\deps\lineage_continuity-a2239a21b34c95af.exe)

running 1 test
test test_dummy ... ok

test result: ok. 1 passed; 0 failed; 0 ignored; 0 measured; 0 filtered out; finished in 0.00s

     Running tests\replay_equivalence.rs (target\debug\deps\replay_equivalence-852b38fedbdf30ac.exe)

running 1 test
test test_dummy ... ok

test result: ok. 1 passed; 0 failed; 0 ignored; 0 measured; 0 filtered out; finished in 0.00s

     Running unittests src\lib.rs (target\debug\deps\astra_inspect-ce16bc27b61a463f.exe)

running 0 tests

test result: ok. 0 passed; 0 failed; 0 ignored; 0 measured; 0 filtered out; finished in 0.00s

     Running unittests src\main.rs (target\debug\deps\astra_inspect-60a9ae8f7f4f30c2.exe)

running 0 tests

test result: ok. 0 passed; 0 failed; 0 ignored; 0 measured; 0 filtered out; finished in 0.00s

     Running tests\benchmark_fixtures.rs (target\debug\deps\benchmark_fixtures-0ab2fef533a87c74.exe)

running 5 tests
test test_deterministic_exports ... ok
test test_low_activity_fixture ... ok
test test_execution_quality_metrics ... ok
test test_rejection_heavy_fixture ... ok
test test_high_activity_fixture ... ok

test result: ok. 5 passed; 0 failed; 0 ignored; 0 measured; 0 filtered out; finished in 8.73s

     Running unittests src\lib.rs (target\debug\deps\astra_lob-db8fc9abfd0562b1.exe)

running 8 tests
test tests::tests::test_cancel_order ... ok
test tests::tests::test_market_order ... ok
test tests::tests::test_modify_order ... ok
test tests::tests::test_determinism_identical_hash ... ok
test tests::tests::test_fifo_priority ... ok
test tests::tests::test_benchmark_export_throughput ... ok
test tests::tests::test_benchmark_throughput ... ok
test tests::tests::test_benchmark_snapshot_throughput ... ok

test result: ok. 8 passed; 0 failed; 0 ignored; 0 measured; 0 filtered out; finished in 0.13s

     Running unittests src\lib.rs (target\debug\deps\astra_ops-dc811c0b754e5aa2.exe)

running 0 tests

test result: ok. 0 passed; 0 failed; 0 ignored; 0 measured; 0 filtered out; finished in 0.00s

     Running unittests src\main.rs (target\debug\deps\astra_ops-546d64ad563c0ce1.exe)

running 0 tests

test result: ok. 0 passed; 0 failed; 0 ignored; 0 measured; 0 filtered out; finished in 0.00s

     Running unittests src\lib.rs (target\debug\deps\astra_perf-43f26f9290d34267.exe)

running 0 tests

test result: ok. 0 passed; 0 failed; 0 ignored; 0 measured; 0 filtered out; finished in 0.00s

     Running tests\certification_overhead.rs (target\debug\deps\certification_overhead-85daba0bd7f45b48.exe)

running 1 test
test test_dummy ... ok

test result: ok. 1 passed; 0 failed; 0 ignored; 0 measured; 0 filtered out; finished in 0.00s

     Running tests\execution_efficiency.rs (target\debug\deps\execution_efficiency-93baa3f39cc045f5.exe)

running 1 test
test test_dummy ... ok

test result: ok. 1 passed; 0 failed; 0 ignored; 0 measured; 0 filtered out; finished in 0.00s

     Running tests\memory_consistency.rs (target\debug\deps\memory_consistency-4c02ef4aa1a99d0e.exe)

running 1 test
test test_dummy ... ok

test result: ok. 1 passed; 0 failed; 0 ignored; 0 measured; 0 filtered out; finished in 0.00s

     Running tests\performance_hashing.rs (target\debug\deps\performance_hashing-e6492f17282ed378.exe)

running 1 test
test test_dummy ... ok

test result: ok. 1 passed; 0 failed; 0 ignored; 0 measured; 0 filtered out; finished in 0.00s

     Running tests\profiling_replay.rs (target\debug\deps\profiling_replay-7328b9884396d9f4.exe)

running 1 test
test test_dummy ... ok

test result: ok. 1 passed; 0 failed; 0 ignored; 0 measured; 0 filtered out; finished in 0.00s

     Running tests\throughput_parity.rs (target\debug\deps\throughput_parity-ec4680399e931b9f.exe)

running 1 test
test test_dummy ... ok

test result: ok. 1 passed; 0 failed; 0 ignored; 0 measured; 0 filtered out; finished in 0.00s

     Running unittests src\lib.rs (target\debug\deps\astra_policy-b7c8eb3b5a85c0d5.exe)

running 0 tests

test result: ok. 0 passed; 0 failed; 0 ignored; 0 measured; 0 filtered out; finished in 0.00s

     Running tests\policy_test.rs (target\debug\deps\policy_test-3e9cca3f183b982f.exe)

running 1 test
test test_liquidity_facility_activation ... ok

test result: ok. 1 passed; 0 failed; 0 ignored; 0 measured; 0 filtered out; finished in 0.00s

     Running unittests src\lib.rs (target\debug\deps\astra_portfolio-fea913d033dab23c.exe)

running 0 tests

test result: ok. 0 passed; 0 failed; 0 ignored; 0 measured; 0 filtered out; finished in 0.00s

     Running tests\integration_tests.rs (target\debug\deps\integration_tests-a8482d629a6f93a0.exe)

running 5 tests
test test_multi_symbol_aggregation ... ok
test test_realized_pnl_correctness ... ok
test test_deterministic_hash_equality ... ok
test test_unrealized_pnl_correctness ... ok
test test_position_flips ... ok

test result: ok. 5 passed; 0 failed; 0 ignored; 0 measured; 0 filtered out; finished in 0.00s

     Running unittests src\lib.rs (target\debug\deps\astra_research-6e64c934823e98e2.exe)

running 1 test
test tests::test_ci_golden_hashes_match ... ok

test result: ok. 1 passed; 0 failed; 0 ignored; 0 measured; 0 filtered out; finished in 0.00s

     Running unittests src\main.rs (target\debug\deps\astra_research-b2f5ff7f11251712.exe)

running 0 tests

test result: ok. 0 passed; 0 failed; 0 ignored; 0 measured; 0 filtered out; finished in 0.00s

     Running tests\comparison_test.rs (target\debug\deps\comparison_test-fa3984bd3c0a4550.exe)

running 2 tests
test test_experiment_comparison_divergent ... ok
test test_experiment_comparison_identical ... ok

test result: ok. 2 passed; 0 failed; 0 ignored; 0 measured; 0 filtered out; finished in 0.00s

     Running tests\integration_tests.rs (target\debug\deps\integration_tests-adb2f095d865504f.exe)

running 1 test
test test_golden_hash_regression ... ok

test result: ok. 1 passed; 0 failed; 0 ignored; 0 measured; 0 filtered out; finished in 0.12s

     Running tests\sweep_test.rs (target\debug\deps\sweep_test-208642e7a468c1cb.exe)

running 1 test
test test_sweep_generation ... ok

test result: ok. 1 passed; 0 failed; 0 ignored; 0 measured; 0 filtered out; finished in 0.00s

     Running unittests src\main.rs (target\debug\deps\astra_research_api-13f44ded3e6f5a3d.exe)

running 0 tests

test result: ok. 0 passed; 0 failed; 0 ignored; 0 measured; 0 filtered out; finished in 0.00s

     Running unittests src\lib.rs (target\debug\deps\astra_risk-6f51c6be2de11ee7.exe)

running 0 tests

test result: ok. 0 passed; 0 failed; 0 ignored; 0 measured; 0 filtered out; finished in 0.00s

     Running tests\constraint_integrity.rs (target\debug\deps\constraint_integrity-4cf69e3579dc2f74.exe)

running 1 test
test test_dummy ... ok

test result: ok. 1 passed; 0 failed; 0 ignored; 0 measured; 0 filtered out; finished in 0.00s

     Running tests\exposure_parity.rs (target\debug\deps\exposure_parity-a721339896373792.exe)

running 1 test
test test_dummy ... ok

test result: ok. 1 passed; 0 failed; 0 ignored; 0 measured; 0 filtered out; finished in 0.00s

     Running tests\integration_tests.rs (target\debug\deps\integration_tests-8388c8222d7bc95f.exe)

running 3 tests
test test_velocity_limit_rejection ... ok
test test_drawdown_limit_rejection ... ok
test test_state_hash_determinism ... ok

test result: ok. 3 passed; 0 failed; 0 ignored; 0 measured; 0 filtered out; finished in 0.00s

     Running tests\liquidation_replay.rs (target\debug\deps\liquidation_replay-af6ec1f9048444ba.exe)

running 1 test
test test_dummy ... ok

test result: ok. 1 passed; 0 failed; 0 ignored; 0 measured; 0 filtered out; finished in 0.00s

     Running tests\margin_consistency.rs (target\debug\deps\margin_consistency-62f631ef668f0172.exe)

running 1 test
test test_dummy ... ok

test result: ok. 1 passed; 0 failed; 0 ignored; 0 measured; 0 filtered out; finished in 0.00s

     Running tests\risk_state_hashing.rs (target\debug\deps\risk_state_hashing-67461f5f4356cd56.exe)

running 1 test
test test_dummy ... ok

test result: ok. 1 passed; 0 failed; 0 ignored; 0 measured; 0 filtered out; finished in 0.00s

     Running tests\stress_propagation.rs (target\debug\deps\stress_propagation-76cb46ce5cd2cd18.exe)

running 1 test
     Running unittests src\lib.rs (target\debug\deps\astra_rl-921b50f9a7c4ab3a.exe)
test test_dummy ... ok

test result: ok. 1 passed; 0 failed; 0 ignored; 0 measured; 0 filtered out; finished in 0.00s


running 0 tests

test result: ok. 0 passed; 0 failed; 0 ignored; 0 measured; 0 filtered out; finished in 0.00s

     Running tests\adaptive_stability.rs (target\debug\deps\adaptive_stability-2387b90fa9ba6264.exe)

running 1 test
test test_dummy ... ok

test result: ok. 1 passed; 0 failed; 0 ignored; 0 measured; 0 filtered out; finished in 0.00s

     Running tests\dataset_certification.rs (target\debug\deps\dataset_certification-30946bb5c54f31b8.exe)

running 1 test
test test_dummy ... ok

test result: ok. 1 passed; 0 failed; 0 ignored; 0 measured; 0 filtered out; finished in 0.00s

     Running tests\observation_parity.rs (target\debug\deps\observation_parity-7663db666df0df4a.exe)

running 1 test
test test_dummy ... ok

test result: ok. 1 passed; 0 failed; 0 ignored; 0 measured; 0 filtered out; finished in 0.00s

     Running tests\policy_replay.rs (target\debug\deps\policy_replay-a30986cb101a80ef.exe)

running 1 test
test test_dummy ... ok

test result: ok. 1 passed; 0 failed; 0 ignored; 0 measured; 0 filtered out; finished in 0.00s

     Running tests\reward_consistency.rs (target\debug\deps\reward_consistency-4c34bb3803e50a9a.exe)

running 1 test
test test_dummy ... ok

test result: ok. 1 passed; 0 failed; 0 ignored; 0 measured; 0 filtered out; finished in 0.00s

     Running unittests src\lib.rs (target\debug\deps\astra_router-eeb7f7e8730c0e87.exe)

running 0 tests

test result: ok. 0 passed; 0 failed; 0 ignored; 0 measured; 0 filtered out; finished in 0.00s

     Running unittests src\lib.rs (target\debug\deps\astra_scenarios-dffe27d44c7427d3.exe)

running 0 tests

test result: ok. 0 passed; 0 failed; 0 ignored; 0 measured; 0 filtered out; finished in 0.00s

     Running tests\recovery_drill_test.rs (target\debug\deps\recovery_drill_test-38b4c58a6eec773d.exe)

running 1 test
test test_recovery_drill_execution ... ok

test result: ok. 1 passed; 0 failed; 0 ignored; 0 measured; 0 filtered out; finished in 0.00s

     Running tests\replay_identity.rs (target\debug\deps\replay_identity-bc722b30ed902f8a.exe)

running 1 test
test test_scenario_replay_identity ... ok

test result: ok. 1 passed; 0 failed; 0 ignored; 0 measured; 0 filtered out; finished in 0.00s

     Running unittests src\lib.rs (target\debug\deps\astra_strategy-81f565fcae87c2e5.exe)

running 0 tests

test result: ok. 0 passed; 0 failed; 0 ignored; 0 measured; 0 filtered out; finished in 0.00s

     Running tests\execution_efficiency.rs (target\debug\deps\execution_efficiency-5838c79c1ac26521.exe)

running 1 test
test test_dummy ... ok

test result: ok. 1 passed; 0 failed; 0 ignored; 0 measured; 0 filtered out; finished in 0.00s

     Running tests\inventory_stability.rs (target\debug\deps\inventory_stability-16eafeaaecd2f652.exe)

running 1 test
test test_dummy ... ok

test result: ok. 1 passed; 0 failed; 0 ignored; 0 measured; 0 filtered out; finished in 0.00s

     Running tests\pnl_consistency.rs (target\debug\deps\pnl_consistency-ce1e6690a0617247.exe)

running 1 test
test test_dummy ... ok

test result: ok. 1 passed; 0 failed; 0 ignored; 0 measured; 0 filtered out; finished in 0.00s

     Running tests\portfolio_parity.rs (target\debug\deps\portfolio_parity-31bea821b3a8ddd3.exe)

running 1 test
test test_dummy ... ok

test result: ok. 1 passed; 0 failed; 0 ignored; 0 measured; 0 filtered out; finished in 0.00s

     Running tests\strategy_replay.rs (target\debug\deps\strategy_replay-a9826506dbc32b62.exe)

running 1 test
test test_dummy ... ok

test result: ok. 1 passed; 0 failed; 0 ignored; 0 measured; 0 filtered out; finished in 0.00s

     Running tests\trade_lifecycle.rs (target\debug\deps\trade_lifecycle-a6da13b6ee2d55b1.exe)

running 1 test
test test_dummy ... ok

test result: ok. 1 passed; 0 failed; 0 ignored; 0 measured; 0 filtered out; finished in 0.00s

     Running unittests src\lib.rs (target\debug\deps\astra_stream-0a857b93f88f2e00.exe)

running 35 tests
test normalized::tests::deterministic_hash_sensitive_to_price ... ok
test normalized::tests::deterministic_hash_excludes_receive_timestamp ... ok
test normalized::tests::parse_binance_full_precision ... ok
test normalized::tests::parse_negative_u64_returns_none ... ok
test normalized::tests::parse_standard_price ... ok
test normalized::tests::parse_leading_dot ... ok
test normalized::tests::parse_small_quantity ... ok
test normalized::tests::parse_empty_returns_none ... ok
test normalized::tests::parse_invalid_returns_none ... ok
test normalized::tests::parse_zero ... ok
test normalized::tests::parse_whole_number ... ok
test normalized::tests::symbol_roundtrip ... ok
test normalized::tests::parse_trailing_decimals_truncated_to_scale ... ok
test normalized::tests::parse_negative ... ok
test normalized::tests::serialization_roundtrip ... ok
test normalized::tests::symbol_truncation ... ok
test normalized::tests::symbol_uppercase ... ok
test rotation::tests::journal_filename_format ... ok
test rotation::tests::journal_filename_lowercase_symbol ... ok
test replay::tests::detect_duplicate_trade_id ... ok
test replay::tests::detect_out_of_order_timestamp ... ok
test replay::tests::detect_reconnect_gap ... ok
test replay::tests::replay_empty_journal ... ok
test rotation::tests::utc_hour_bucket_epoch ... ok
test rotation::tests::utc_hour_bucket_known_timestamp ... ok
test replay::tests::detect_stream_discontinuity ... ok
test rotation::tests::utc_hour_bucket_midnight_rollover ... ok
test replay::tests::replay_determinism_identical_hashes ... ok
test rotation::tests::journal_rotator_current_path_matches_filename ... ok
test rotation::tests::journal_rotator_opens_and_writes ... ok
test replay::tests::replay_directory_deterministic_order ... ok
test replay::tests::different_events_produce_different_hashes ... ok
test replay::tests::replay_directory_hash_differs_from_reversed_order ... ok
test replay::tests::csv_export_creates_file ... ok
test replay::tests::replay_throughput_computable ... ok

test result: ok. 35 passed; 0 failed; 0 ignored; 0 measured; 0 filtered out; finished in 0.02s

     Running unittests src\main.rs (target\debug\deps\astra_stream-095ce31e201acd88.exe)

running 0 tests

test result: ok. 0 passed; 0 failed; 0 ignored; 0 measured; 0 filtered out; finished in 0.00s

     Running tests\historical_replay.rs (target\debug\deps\historical_replay-3437f4d3ed41b4d6.exe)

running 1 test
test test_dummy ... ok

test result: ok. 1 passed; 0 failed; 0 ignored; 0 measured; 0 filtered out; finished in 0.00s

     Running tests\market_reconstruction.rs (target\debug\deps\market_reconstruction-6362cfd78f2144ab.exe)

running 1 test
test test_dummy ... ok

test result: ok. 1 passed; 0 failed; 0 ignored; 0 measured; 0 filtered out; finished in 0.00s

     Running tests\microstructure_fidelity.rs (target\debug\deps\microstructure_fidelity-07ccd71c79f88955.exe)

running 1 test
test test_dummy ... ok

test result: ok. 1 passed; 0 failed; 0 ignored; 0 measured; 0 filtered out; finished in 0.00s

     Running tests\session_equivalence.rs (target\debug\deps\session_equivalence-80808db3291c485c.exe)

running 1 test
test test_dummy ... ok

test result: ok. 1 passed; 0 failed; 0 ignored; 0 measured; 0 filtered out; finished in 0.00s

     Running tests\timestamp_alignment.rs (target\debug\deps\timestamp_alignment-ce62636c0797c98d.exe)

running 1 test
test test_dummy ... ok

test result: ok. 1 passed; 0 failed; 0 ignored; 0 measured; 0 filtered out; finished in 0.00s

     Running tests\venue_normalization.rs (target\debug\deps\venue_normalization-7305350d9bc9326d.exe)

running 1 test
test test_dummy ... ok

test result: ok. 1 passed; 0 failed; 0 ignored; 0 measured; 0 filtered out; finished in 0.00s

   Doc-tests astra_agents

running 0 tests

test result: ok. 0 passed; 0 failed; 0 ignored; 0 measured; 0 filtered out; finished in 0.00s

   Doc-tests astra_audit

running 0 tests

test result: ok. 0 passed; 0 failed; 0 ignored; 0 measured; 0 filtered out; finished in 0.00s

   Doc-tests astra_benchmarks

running 0 tests

test result: ok. 0 passed; 0 failed; 0 ignored; 0 measured; 0 filtered out; finished in 0.00s

   Doc-tests astra_clearing

running 0 tests

test result: ok. 0 passed; 0 failed; 0 ignored; 0 measured; 0 filtered out; finished in 0.00s

   Doc-tests astra_core

running 0 tests

test result: ok. 0 passed; 0 failed; 0 ignored; 0 measured; 0 filtered out; finished in 0.00s

   Doc-tests astra_distributed

running 0 tests

test result: ok. 0 passed; 0 failed; 0 ignored; 0 measured; 0 filtered out; finished in 0.00s

   Doc-tests astra_exchange

running 0 tests

test result: ok. 0 passed; 0 failed; 0 ignored; 0 measured; 0 filtered out; finished in 0.00s

   Doc-tests astra_federation

running 0 tests

test result: ok. 0 passed; 0 failed; 0 ignored; 0 measured; 0 filtered out; finished in 0.00s

   Doc-tests astra_formal

running 0 tests

test result: ok. 0 passed; 0 failed; 0 ignored; 0 measured; 0 filtered out; finished in 0.00s

   Doc-tests astra_inspect

running 0 tests

test result: ok. 0 passed; 0 failed; 0 ignored; 0 measured; 0 filtered out; finished in 0.00s

   Doc-tests astra_lob

running 0 tests

test result: ok. 0 passed; 0 failed; 0 ignored; 0 measured; 0 filtered out; finished in 0.00s

   Doc-tests astra_ops

running 0 tests

test result: ok. 0 passed; 0 failed; 0 ignored; 0 measured; 0 filtered out; finished in 0.00s

   Doc-tests astra_perf

running 0 tests

test result: ok. 0 passed; 0 failed; 0 ignored; 0 measured; 0 filtered out; finished in 0.00s

   Doc-tests astra_policy

running 0 tests

test result: ok. 0 passed; 0 failed; 0 ignored; 0 measured; 0 filtered out; finished in 0.00s

   Doc-tests astra_portfolio

running 0 tests

test result: ok. 0 passed; 0 failed; 0 ignored; 0 measured; 0 filtered out; finished in 0.00s

   Doc-tests astra_research

running 0 tests

test result: ok. 0 passed; 0 failed; 0 ignored; 0 measured; 0 filtered out; finished in 0.00s

   Doc-tests astra_risk

running 0 tests

test result: ok. 0 passed; 0 failed; 0 ignored; 0 measured; 0 filtered out; finished in 0.00s

   Doc-tests astra_rl

running 0 tests

test result: ok. 0 passed; 0 failed; 0 ignored; 0 measured; 0 filtered out; finished in 0.00s

   Doc-tests astra_router

running 0 tests

test result: ok. 0 passed; 0 failed; 0 ignored; 0 measured; 0 filtered out; finished in 0.00s

   Doc-tests astra_scenarios

running 0 tests

test result: ok. 0 passed; 0 failed; 0 ignored; 0 measured; 0 filtered out; finished in 0.00s

   Doc-tests astra_strategy

running 0 tests

test result: ok. 0 passed; 0 failed; 0 ignored; 0 measured; 0 filtered out; finished in 0.00s

   Doc-tests astra_stream

running 1 test
test packages\astra-stream\src\normalized.rs - normalized::parse_decimal_fixed (line 116) ... ok

test result: ok. 1 passed; 0 failed; 0 ignored; 0 measured; 0 filtered out; finished in 0.84s

